<?xml version="1.0" encoding="utf-8"?><testsuites name="pytest tests"><testsuite name="pytest" errors="0" failures="0" skipped="5" tests="139" time="65.473" timestamp="2025-08-18T15:56:40.452751-04:00" hostname="MacBook-Pro-M1-MAX-9.local"><testcase classname="" name="tests.integration.test_data_pipeline" time="0.000"><skipped message="collection skipped">('/Users/romulusaugustus/dmv_scam_analysis/tests/integration/test_data_pipeline.py', 5, 'Skipped: Deprecated integration tests referencing removed components (e.g., DataPreprocessor).')</skipped></testcase><testcase classname="" name="tests.performance.test_performance" time="0.000"><skipped message="collection skipped">('/Users/romulusaugustus/dmv_scam_analysis/tests/performance/test_performance.py', 5, 'Skipped: Deprecated performance tests referencing removed components (DatabaseHandler, CacheManager, APIHandler).')</skipped></testcase><testcase classname="" name="tests.security.test_data_security" time="0.000"><skipped message="collection skipped">('/Users/romulusaugustus/dmv_scam_analysis/tests/security/test_data_security.py', 7, 'Skipped: Skipping legacy data security tests pending redesign and dependency alignment.')</skipped></testcase><testcase classname="" name="tests.security.test_security" time="0.000"><skipped message="collection skipped">('/Users/romulusaugustus/dmv_scam_analysis/tests/security/test_security.py', 5, 'Skipped: Deprecated security tests referencing removed components (DataPreprocessor, SecureFileHandler, MalwareScanner).')</skipped></testcase><testcase classname="" name="tests.test_configuration" time="0.000"><skipped message="collection skipped">('/Users/romulusaugustus/dmv_scam_analysis/tests/test_configuration.py', 11, 'Skipped: Deprecated configuration tests referencing IOConfiguration (removed).')</skipped></testcase><testcase classname="tests.functional.test_analysis_workflow" name="test_complete_analysis_workflow" time="0.016" /><testcase classname="tests.functional.test_analysis_workflow" name="test_incremental_analysis" time="0.181" /><testcase classname="tests.functional.test_analysis_workflow" name="test_error_handling" time="0.004" /><testcase classname="tests.functional.test_analysis_workflow" name="test_analysis_output_validation" time="0.008" /><testcase classname="tests.integration.test_ml_pipeline" name="test_end_to_end_training" time="0.878" /><testcase classname="tests.integration.test_ml_pipeline" name="test_feature_extraction" time="0.091" /><testcase classname="tests.integration.test_ml_pipeline" name="test_behavioral_pattern_detection" time="0.307" /><testcase classname="tests.integration.test_ml_pipeline" name="test_model_persistence" time="0.928" /><testcase classname="tests.integration.test_ml_pipeline" name="test_incremental_learning" time="1.310" /><testcase classname="tests.integration.test_ml_pipeline" name="test_model_explainability" time="0.897" /><testcase classname="tests.integration.test_ml_pipeline" name="test_ensemble_predictions" time="1.167" /><testcase classname="tests.integration.test_ml_pipeline" name="test_cross_validation" time="3.939" /><testcase classname="tests.performance.test_api_performance" name="test_analyze_endpoint_response_time" time="2.283" /><testcase classname="tests.performance.test_api_performance" name="test_analyze_endpoint_concurrent" time="0.913" /><testcase classname="tests.performance.test_api_performance" name="test_stats_endpoint_response_time" time="1.048" /><testcase classname="tests.performance.test_api_performance" name="test_memory_usage" time="17.928" /><testcase classname="tests.performance.test_api_performance" name="test_cpu_usage" time="10.492" /><testcase classname="tests.performance.test_api_performance" name="test_rate_limiter_performance" time="2.019" /><testcase classname="tests.performance.test_api_performance" name="test_database_performance" time="1.000" /><testcase classname="tests.performance.test_api_performance" name="test_model_inference_time" time="1.999" /><testcase classname="tests.security.test_api_analyze_success_security" name="test_analyze_success_path_with_valid_payload_and_perms" time="0.019" /><testcase classname="tests.security.test_api_app_branches_security" name="test_analyze_error_branch_on_classifier_exception" time="0.003" /><testcase classname="tests.security.test_api_app_branches_security" name="test_analyze_error_branch_on_analyzer_exception" time="0.003" /><testcase classname="tests.security.test_api_app_branches_security" name="test_stats_rate_limit_branch_returns_429" time="0.005" /><testcase classname="tests.security.test_api_app_security" name="test_token_valid_and_permissions" time="0.021" /><testcase classname="tests.security.test_api_app_security" name="test_token_expired_and_malformed_enforced" time="0.005" /><testcase classname="tests.security.test_api_app_security" name="test_rate_limiter_integration_blocks_after_many_requests" time="2.128" /><testcase classname="tests.security.test_api_auth_errors_security" name="test_auth_missing_header_returns_401" time="0.003" /><testcase classname="tests.security.test_api_auth_errors_security" name="test_auth_invalid_scheme_returns_401" time="0.003" /><testcase classname="tests.security.test_api_auth_errors_security" name="test_auth_empty_token_returns_401" time="0.003" /><testcase classname="tests.security.test_api_auth_rate_and_handlers_security" name="test_expired_token_hits_429_after_local_limit" time="0.008" /><testcase classname="tests.security.test_api_auth_rate_and_handlers_security" name="test_global_failed_attempts_hits_429" time="0.007" /><testcase classname="tests.security.test_api_auth_rate_and_handlers_security" name="test_perf_token_bypasses_rate_limit" time="0.036" /><testcase classname="tests.security.test_api_auth_rate_and_handlers_security" name="test_http_exception_handler_response" time="0.001" /><testcase classname="tests.security.test_api_auth_rate_and_handlers_security" name="test_general_exception_handler_response" time="0.001" /><testcase classname="tests.security.test_api_bruteforce_security" name="test_bruteforce_threshold_triggers_429" time="0.008" /><testcase classname="tests.security.test_api_edgecases_security" name="test_api_version_header_rejected_when_unsupported" time="0.003" /><testcase classname="tests.security.test_api_edgecases_security" name="test_file_path_rejection_and_input_sanitization" time="0.014" /><testcase classname="tests.security.test_api_edgecases_security" name="test_payload_size_thresholds_trigger_errors" time="0.108" /><testcase classname="tests.security.test_api_edgecases_security" name="test_rate_limit_exceeded_returns_429" time="0.022" /><testcase classname="tests.security.test_api_edgecases_security" name="test_stats_missing_dates_400" time="0.003" /><testcase classname="tests.security.test_api_headers_and_handlers_security" name="test_health_includes_middleware_headers" time="0.003" /><testcase classname="tests.security.test_api_headers_and_handlers_security" name="test_analyze_400_handler_payload_and_headers" time="0.002" /><testcase classname="tests.security.test_api_headers_and_handlers_security" name="test_analyze_413_handler_payload_and_headers" time="0.084" /><testcase classname="tests.security.test_api_headers_and_handlers_security" name="test_stats_500_handler_payload" time="0.003" /><testcase classname="tests.security.test_api_headers_security" name="test_security_headers_present_on_health" time="0.003" /><testcase classname="tests.security.test_api_headers_security" name="test_cors_preflight_has_expected_headers" time="0.002" /><testcase classname="tests.security.test_api_middleware_security" name="test_middleware_error_path_sets_stats_and_headers" time="0.003" /><testcase classname="tests.security.test_api_permissions_security" name="test_read_requires_permission_and_denies_without" time="0.002" /><testcase classname="tests.security.test_api_permissions_security" name="test_write_requires_permission_and_denies_without" time="0.003" /><testcase classname="tests.security.test_api_security" name="test_missing_auth_header" time="0.005" /><testcase classname="tests.security.test_api_security" name="test_invalid_auth_scheme" time="0.002" /><testcase classname="tests.security.test_api_security" name="test_invalid_token_format" time="0.008" /><testcase classname="tests.security.test_api_security" name="test_expired_token" time="0.003" /><testcase classname="tests.security.test_api_security" name="test_token_permissions" time="0.003" /><testcase classname="tests.security.test_api_security" name="test_input_validation" time="0.017" /><testcase classname="tests.security.test_api_security" name="test_rate_limiting" time="1.812" /><testcase classname="tests.security.test_api_security" name="test_sensitive_data_exposure" time="0.043" /><testcase classname="tests.security.test_api_security" name="test_cors_configuration" time="0.003" /><testcase classname="tests.security.test_api_security" name="test_http_security_headers" time="0.003" /><testcase classname="tests.security.test_api_security" name="test_brute_force_protection" time="1.563" /><testcase classname="tests.security.test_api_security" name="test_json_injection" time="0.011" /><testcase classname="tests.security.test_api_security" name="test_secure_file_operations" time="0.014" /><testcase classname="tests.security.test_api_security" name="test_memory_limits" time="0.421" /><testcase classname="tests.security.test_api_security" name="test_regex_dos_protection" time="0.110" /><testcase classname="tests.security.test_api_security" name="test_api_versioning" time="0.003" /><testcase classname="tests.security.test_config_manager_extra_security" name="test_config_manager_get_set_and_paths" time="0.027" /><testcase classname="tests.security.test_config_manager_extra_security" name="test_config_manager_validation_warnings_and_errors" time="0.015" /><testcase classname="tests.security.test_config_manager_security" name="test_config_manager_creates_defaults_and_loads" time="0.014" /><testcase classname="tests.security.test_config_manager_security" name="test_config_manager_missing_env_uses_defaults" time="0.014" /><testcase classname="tests.security.test_config_manager_security" name="test_config_manager_load_yaml_errors" time="0.015" /><testcase classname="tests.security.test_config_manager_security" name="test_config_manager_merge_dicts" time="0.036" /><testcase classname="tests.security.test_logger_security" name="test_logger_setup_and_usage" time="0.001" /><testcase classname="tests.security.test_model_security" name="test_model_input_sanitization" time="0.343" /><testcase classname="tests.security.test_model_security" name="test_model_output_validation" time="0.874" /><testcase classname="tests.security.test_model_security" name="test_model_memory_security" time="1.359" /><testcase classname="tests.security.test_model_security" name="test_model_timing_attacks" time="0.355" /><testcase classname="tests.security.test_model_security" name="test_adversarial_input_protection" time="0.251" /><testcase classname="tests.security.test_model_security" name="test_model_versioning_security" time="0.000" /><testcase classname="tests.security.test_model_security" name="test_embedding_security" time="0.001" /><testcase classname="tests.security.test_model_security" name="test_model_isolation" time="1.942" /><testcase classname="tests.security.test_model_security" name="test_confidence_score_security" time="0.061" /><testcase classname="tests.security.test_model_security" name="test_feature_extraction_security" time="0.004" /><testcase classname="tests.security.test_rate_limiter_extra_security" name="test_rate_limiter_remaining_and_reset_time" time="0.002" /><testcase classname="tests.security.test_rate_limiter_security" name="test_rate_limiter_allows_within_limit" time="0.001" /><testcase classname="tests.security.test_rate_limiter_security" name="test_rate_limiter_blocks_when_exceeded_and_resets" time="0.001" /><testcase classname="tests.security.test_rate_limiter_security" name="test_rate_limiter_wait_if_needed_waits_then_allows" time="1.003" /><testcase classname="tests.security.test_validation_security" name="test_validation_required_columns_and_types" time="0.009" /><testcase classname="tests.security.test_validation_security" name="test_validation_rules_invalids" time="0.002" /><testcase classname="tests.security.test_validation_security" name="test_output_path_and_format_validation" time="0.001" /><testcase classname="tests.unit.test_api_error_paths" name="test_stats_raises_500_on_backend_error" time="0.003" /><testcase classname="tests.unit.test_api_error_paths" name="test_api_version_header_invalid_returns_400" time="0.003" /><testcase classname="tests.unit.test_behavioral_analyzer_analyze" name="test_behavioral_analyzer_analyze_happy" time="0.007" /><testcase classname="tests.unit.test_behavioral_analyzer_analyze" name="test_behavioral_analyzer_invalid_timestamp_raises" time="0.001" /><testcase classname="tests.unit.test_behavioral_analyzer_small" name="test_behavioral_analyzer_basic_paths" time="0.007" /><testcase classname="tests.unit.test_behavioral_analyzer_stats" name="test_get_statistics_stub" time="0.000" /><testcase classname="tests.unit.test_classifier_feature_extraction" name="test_extract_ml_features_aggregated" time="0.011" /><testcase classname="tests.unit.test_classifier_feature_extraction" name="test_extract_ml_features_per_message_labels" time="0.010" /><testcase classname="tests.unit.test_config_manager" name="test_load_config" time="0.037" /><testcase classname="tests.unit.test_config_manager" name="test_validate_config" time="0.036" /><testcase classname="tests.unit.test_config_manager" name="test_environment_override" time="0.071" /><testcase classname="tests.unit.test_config_manager" name="test_config_reload" time="0.070" /><testcase classname="tests.unit.test_config_manager" name="test_invalid_config" time="0.000" /><testcase classname="tests.unit.test_config_manager_more" name="test_validate_required_and_get_path_missing" time="0.014" /><testcase classname="tests.unit.test_config_manager_more" name="test_load_yaml_file_parsing_error" time="0.014" /><testcase classname="tests.unit.test_config_manager_roundtrip" name="test_config_manager_roundtrip" time="0.024" /><testcase classname="tests.unit.test_extractor_analyze_message_content" name="test_analyze_message_content_detects_threats" time="0.003" /><testcase classname="tests.unit.test_extractor_read_messages" name="test_read_messages_from_json_list" time="0.001" /><testcase classname="tests.unit.test_extractor_read_messages" name="test_read_messages_from_json_with_container_key" time="0.001" /><testcase classname="tests.unit.test_extractor_read_messages" name="test_read_messages_from_csv_and_txt" time="0.004" /><testcase classname="tests.unit.test_extractor_read_messages" name="test_extract_all_prefers_fixture_files" time="0.001" /><testcase classname="tests.unit.test_extractor_small" name="test_imessage_analyzer_extract_all_prefers_fixture" time="0.005" /><testcase classname="tests.unit.test_helpers_dataset" name="test_create_test_dataset_shapes_and_ratios" time="0.003" /><testcase classname="tests.unit.test_helpers_dataset" name="test_create_test_dataset_invalid_ratios" time="0.000" /><testcase classname="tests.unit.test_jwt_exports.TestJWTExports" name="test_jwt_encode_decode_roundtrip" time="0.000" /><testcase classname="tests.unit.test_jwt_exports.TestJWTExports" name="test_export_import_yaml" time="0.002" /><testcase classname="tests.unit.test_jwt_exports.TestJWTExports" name="test_export_import_csv" time="0.013" /><testcase classname="tests.unit.test_logger_manager" name="test_log_manager_setup_fallback" time="0.015" /><testcase classname="tests.unit.test_logger_manager" name="test_log_manager_rotate_and_archive" time="0.002" /><testcase classname="tests.unit.test_logger_manager" name="test_load_logging_config_happy_path" time="0.005" /><testcase classname="tests.unit.test_logger_utils" name="test_setup_logger_creates_handlers" time="0.001" /><testcase classname="tests.unit.test_logger_utils" name="test_log_execution_time_decorator_records_duration" time="0.001" /><testcase classname="tests.unit.test_logger_utils" name="test_setup_exception_logging" time="0.000" /><testcase classname="tests.unit.test_logger_utils_more" name="test_context_and_audit_performance_logging" time="0.001" /><testcase classname="tests.unit.test_rate_limiter" name="test_rate_limiter_basic" time="0.001" /><testcase classname="tests.unit.test_rate_limiter" name="test_rate_limiter_window_reset" time="1.004" /><testcase classname="tests.unit.test_rate_limiter" name="test_multiple_tokens" time="0.003" /><testcase classname="tests.unit.test_rate_limiter" name="test_get_remaining_requests" time="0.001" /><testcase classname="tests.unit.test_rate_limiter" name="test_wait_if_needed" time="1.003" /><testcase classname="tests.unit.test_rate_limiter" name="test_reset" time="0.002" /><testcase classname="tests.unit.test_rate_limiter" name="test_concurrent_requests" time="0.002" /><testcase classname="tests.unit.test_validation_utils" name="test_validation_success_and_warnings" time="0.004" /><testcase classname="tests.unit.test_validation_utils" name="test_validation_detects_missing_columns" time="0.002" /><testcase classname="tests.unit.test_validation_utils" name="test_output_validator_path_and_format" time="0.001" /></testsuite></testsuites>
